// Jest Snapshot v1, https://goo.gl/fbAQLP

exports[`testing all formates json format, json files, yaml files 1`] = `
"[
 {
  "type": "nested",
  "key": "common",
  "children": [
   {
    "type": "added",
    "key": "follow",
    "value": false
   },
   {
    "type": "unchanged",
    "key": "setting1",
    "value": "Value 1"
   },
   {
    "type": "removed",
    "key": "setting2",
    "value": 200
   },
   {
    "type": "changed",
    "key": "setting3",
    "value1": true,
    "value2": null
   },
   {
    "type": "added",
    "key": "setting4",
    "value": "blah blah"
   },
   {
    "type": "added",
    "key": "setting5",
    "value": {
     "key5": "value5"
    }
   },
   {
    "type": "nested",
    "key": "setting6",
    "children": [
     {
      "type": "nested",
      "key": "doge",
      "children": [
       {
        "type": "changed",
        "key": "wow",
        "value1": "",
        "value2": "so much"
       }
      ]
     },
     {
      "type": "unchanged",
      "key": "key",
      "value": "value"
     },
     {
      "type": "added",
      "key": "ops",
      "value": "vops"
     }
    ]
   }
  ]
 },
 {
  "type": "nested",
  "key": "group1",
  "children": [
   {
    "type": "changed",
    "key": "baz",
    "value1": "bas",
    "value2": "bars"
   },
   {
    "type": "unchanged",
    "key": "foo",
    "value": "bar"
   },
   {
    "type": "changed",
    "key": "nest",
    "value1": {
     "key": "value"
    },
    "value2": "str"
   }
  ]
 },
 {
  "type": "removed",
  "key": "group2",
  "value": {
   "abc": 12345,
   "deep": {
    "id": 45
   }
  }
 },
 {
  "type": "added",
  "key": "group3",
  "value": {
   "deep": {
    "id": {
     "number": 45
    }
   },
   "fee": 100500
  }
 }
]"
`;

exports[`testing all formates json format, json files, yaml files: [
 {
  "key": "common",
  "children": [
   {
    "key": "follow",
    "value": false,
    "type": "added"
   },
   {
    "key": "setting1",
    "value": "Value 1",
    "type": "unchanged"
   },
   {
    "key": "setting2",
    "value": 200,
    "type": "removed"
   },
   {
    "key": "setting3",
    "oldValue": true,
    "newValue": null,
    "type": "updated"
   },
   {
    "key": "setting4",
    "value": "blah blah",
    "type": "added"
   },
   {
    "key": "setting5",
    "value": {
     "key5": "value5"
    },
    "type": "added"
   },
   {
    "key": "setting6",
    "children": [
     {
      "key": "doge",
      "children": [
       {
        "key": "wow",
        "oldValue": "",
        "newValue": "so much",
        "type": "updated"
       }
      ],
      "type": "nested"
     },
     {
      "key": "key",
      "value": "value",
      "type": "unchanged"
     },
     {
      "key": "ops",
      "value": "vops",
      "type": "added"
     }
    ],
    "type": "nested"
   }
  ],
  "type": "nested"
 },
 {
  "key": "group1",
  "children": [
   {
    "key": "baz",
    "oldValue": "bas",
    "newValue": "bars",
    "type": "updated"
   },
   {
    "key": "foo",
    "value": "bar",
    "type": "unchanged"
   },
   {
    "key": "nest",
    "oldValue": {
     "key": "value"
    },
    "newValue": "str",
    "type": "updated"
   }
  ],
  "type": "nested"
 },
 {
  "key": "group2",
  "value": {
   "abc": 12345,
   "deep": {
    "id": 45
   }
  },
  "type": "removed"
 },
 {
  "key": "group3",
  "value": {
   "deep": {
    "id": {
     "number": 45
    }
   },
   "fee": 100500
  },
  "type": "added"
 }
] 1`] = `
"[
 {
  "type": "nested",
  "key": "common",
  "children": [
   {
    "type": "added",
    "key": "follow",
    "value": false
   },
   {
    "type": "unchanged",
    "key": "setting1",
    "value": "Value 1"
   },
   {
    "type": "removed",
    "key": "setting2",
    "value": 200
   },
   {
    "type": "changed",
    "key": "setting3",
    "value1": true,
    "value2": null
   },
   {
    "type": "added",
    "key": "setting4",
    "value": "blah blah"
   },
   {
    "type": "added",
    "key": "setting5",
    "value": {
     "key5": "value5"
    }
   },
   {
    "type": "nested",
    "key": "setting6",
    "children": [
     {
      "type": "nested",
      "key": "doge",
      "children": [
       {
        "type": "changed",
        "key": "wow",
        "value1": "",
        "value2": "so much"
       }
      ]
     },
     {
      "type": "unchanged",
      "key": "key",
      "value": "value"
     },
     {
      "type": "added",
      "key": "ops",
      "value": "vops"
     }
    ]
   }
  ]
 },
 {
  "type": "nested",
  "key": "group1",
  "children": [
   {
    "type": "changed",
    "key": "baz",
    "value1": "bas",
    "value2": "bars"
   },
   {
    "type": "unchanged",
    "key": "foo",
    "value": "bar"
   },
   {
    "type": "changed",
    "key": "nest",
    "value1": {
     "key": "value"
    },
    "value2": "str"
   }
  ]
 },
 {
  "type": "removed",
  "key": "group2",
  "value": {
   "abc": 12345,
   "deep": {
    "id": 45
   }
  }
 },
 {
  "type": "added",
  "key": "group3",
  "value": {
   "deep": {
    "id": {
     "number": 45
    }
   },
   "fee": 100500
  }
 }
]"
`;
